// Jest Snapshot v1, https://goo.gl/fbAQLP

exports[`test snapshot 1`] = `
<div>
  <div>
    All Campaigns
  </div>
  <div>
    <span>
      Campaign List
    </span>
    <button
      onClick={[Function]}
    >
      + Create New
    </button>
  </div>
</div>
`;
